Archive member included because of file (symbol)

contiki-sky.a(rimeaddr.o)     example-libp.co (rimeaddr_copy)
contiki-sky.a(rime.o)         obj_sky/contiki-sky-main.o (rime_driver)
contiki-sky.a(announcement.o)
                              contiki-sky.a(rime.o) (announcement_init)
contiki-sky.a(broadcast-annou)
                              contiki-sky.a(rime.o) (broadcast_announcement_init)
contiki-sky.a(broadcast.o)    obj_sky/libp.o (broadcast_open)
contiki-sky.a(unicast.o)      obj_sky/libp.o (unicast_open)
contiki-sky.a(abc.o)          contiki-sky.a(broadcast.o) (abc_open)
contiki-sky.a(chameleon.o)    contiki-sky.a(rime.o) (chameleon_init)
contiki-sky.a(channel.o)      contiki-sky.a(chameleon.o) (channel_init)
contiki-sky.a(chameleon-bitop)
                              contiki-sky.a(chameleon.o) (chameleon_bitopt)
contiki-sky.a(csma.o)         obj_sky/contiki-sky-main.o (csma_driver)
contiki-sky.a(contikimac.o)   obj_sky/contiki-sky-main.o (contikimac_driver)
contiki-sky.a(process.o)      obj_sky/contiki-sky-main.o (process_init)
contiki-sky.a(autostart.o)    obj_sky/contiki-sky-main.o (autostart_start)
contiki-sky.a(compower.o)     contiki-sky.a(contikimac.o) (compower_accumulate)
contiki-sky.a(serial-line.o)  obj_sky/contiki-sky-main.o (serial_line_input_byte)
contiki-sky.a(memb.o)         obj_sky/libp-neighbour.o (memb_init)
contiki-sky.a(timer.o)        obj_sky/libp-neighbour.o (timer_set)
contiki-sky.a(list.o)         obj_sky/libp.o (list_init)
contiki-sky.a(etimer.o)       obj_sky/contiki-sky-main.o (etimer_process)
contiki-sky.a(ctimer.o)       obj_sky/contiki-sky-main.o (ctimer_init)
contiki-sky.a(energest.o)     obj_sky/contiki-sky-main.o (energest_init)
contiki-sky.a(rtimer.o)       obj_sky/contiki-sky-main.o (rtimer_init)
contiki-sky.a(random.o)       obj_sky/contiki-sky-main.o (random_init)
contiki-sky.a(ringbuf.o)      contiki-sky.a(serial-line.o) (ringbuf_init)
contiki-sky.a(packetbuf.o)    contiki-sky.a(contikimac.o) (packetbuf_hdr_remove)
contiki-sky.a(packetqueue.o)  obj_sky/libp.o (packetqueue_enqueue_packetbuf)
contiki-sky.a(queuebuf.o)     contiki-sky.a(rime.o) (queuebuf_init)
contiki-sky.a(contiki-sky-pla)
                              obj_sky/contiki-sky-main.o (init_platform)
contiki-sky.a(button-sensor.o)
                              contiki-sky.a(contiki-sky-pla) (button_sensor)
contiki-sky.a(ds2411.o)       obj_sky/contiki-sky-main.o (ds2411_init)
contiki-sky.a(xmem.o)         obj_sky/contiki-sky-main.o (xmem_init)
contiki-sky.a(node-id.o)      obj_sky/contiki-sky-main.o (node_id_restore)
contiki-sky.a(sensors.o)      contiki-sky.a(button-sensor.o) (sensors_changed)
contiki-sky.a(cc2420.o)       obj_sky/contiki-sky-main.o (cc2420_set_channel)
contiki-sky.a(cc2420-arch.o)  contiki-sky.a(cc2420.o) (cc2420_arch_init)
contiki-sky.a(uart1.o)        obj_sky/contiki-sky-main.o (uart1_active)
contiki-sky.a(uart1-putchar.o)
                              obj_sky/contiki-sky-main.o (putchar)
contiki-sky.a(msp430.o)       contiki-sky.a(uart1.o) (msp430_add_lpm_req)
contiki-sky.a(clock.o)        obj_sky/libp.o (clock_time)
contiki-sky.a(leds.o)         obj_sky/contiki-sky-main.o (leds_init)
contiki-sky.a(leds-arch.o)    contiki-sky.a(leds.o) (leds_arch_init)
contiki-sky.a(watchdog.o)     obj_sky/contiki-sky-main.o (watchdog_start)
contiki-sky.a(rtimer-arch.o)  contiki-sky.a(rtimer.o) (rtimer_arch_init)
contiki-sky.a(powertrace.o)   example-libp.co (powertrace_start)
contiki-sky.a(mac.o)          contiki-sky.a(csma.o) (mac_call_sent_callback)
contiki-sky.a(framer-802154.o)
                              contiki-sky.a(contikimac.o) (framer_802154)
contiki-sky.a(spi.o)          contiki-sky.a(xmem.o) (spi_init)
contiki-sky.a(frame802154.o)  contiki-sky.a(framer-802154.o) (frame802154_hdrlen)
/usr/lib/gcc/msp430/4.6.3/mmpy-16/libgcc.a(_mulsi3.o)
                              contiki-sky.a(csma.o) (__mulsi3)
/usr/lib/gcc/msp430/4.6.3/mmpy-16/libgcc.a(_udivmod16.o)
                              example-libp.co (__umodhi3)
/usr/lib/gcc/msp430/4.6.3/mmpy-16/libgcc.a(_udivmod32.o)
                              obj_sky/contiki-sky-main.o (__udivsi3)
/usr/lib/gcc/msp430/4.6.3/../../../../msp430/lib/mmpy-16/libc.a(strncmp.o)
                              contiki-sky.a(sensors.o) (strncmp)
/usr/lib/gcc/msp430/4.6.3/../../../../msp430/lib/mmpy-16/libc.a(memcmp.o)
                              contiki-sky.a(rimeaddr.o) (memcmp)
/usr/lib/gcc/msp430/4.6.3/../../../../msp430/lib/mmpy-16/libc.a(memcpy.o)
                              obj_sky/libp.o (memcpy)
/usr/lib/gcc/msp430/4.6.3/../../../../msp430/lib/mmpy-16/libc.a(memset.o)
                              obj_sky/libp.o (memset)
/usr/lib/gcc/msp430/4.6.3/../../../../msp430/lib/mmpy-16/libc.a(malloc.o)
                              obj_sky/tree.o (malloc)
/usr/lib/gcc/msp430/4.6.3/../../../../msp430/lib/mmpy-16/libc.a(printf.o)
                              example-libp.co (printf)
[...]
Memory Configuration

Name             Origin             Length             Attributes
sfr              0x0000000000000000 0x0000000000000010
peripheral_8bit  0x0000000000000010 0x00000000000000f0
peripheral_16bit 0x0000000000000100 0x0000000000000100
ram_mirror       0x0000000000000200 0x0000000000000800 xw
infomem          0x0000000000001000 0x0000000000000100
infob            0x0000000000001000 0x0000000000000080
infoa            0x0000000000001080 0x0000000000000080
ram              0x0000000000001100 0x0000000000002800 xw
rom              0x0000000000004000 0x000000000000bfe0 xr
vectors          0x000000000000ffe0 0x0000000000000020
bsl              0x0000000000000000 0x0000000000000000
infoc            0x0000000000000000 0x0000000000000000
infod            0x0000000000000000 0x0000000000000000
ram2             0x0000000000000000 0x0000000000000000 xw
usbram           0x0000000000000000 0x0000000000000000 xw
far_rom          0x0000000000000000 0x0000000000000000
*default*        0x0000000000000000 0xffffffffffffffff

Linker script and memory map

LOAD /usr/lib/gcc/msp430/4.6.3/mmpy-16/crt0ivtbl16.o
LOAD example-libp.co
LOAD obj_sky/libp.o
LOAD obj_sky/libp-neighbour.o
LOAD obj_sky/libp-link-metric.o
LOAD obj_sky/tree.o
LOAD obj_sky/queue.o
LOAD obj_sky/contiki-sky-main.o
LOAD contiki-sky.a
LOAD /usr/lib/gcc/msp430/4.6.3/mmpy-16/libgcc.a
LOAD /usr/lib/gcc/msp430/4.6.3/../../../../msp430/lib/mmpy-16/libc.a
LOAD /usr/lib/gcc/msp430/4.6.3/mmpy-16/libgcc.a
LOAD /usr/lib/gcc/msp430/4.6.3/mmpy-16/libcrt0.a
                0x0000000000000080                PROVIDE (__info_segment_size, 0x80)
                0x0000000000001000                PROVIDE (__infob, 0x1000)
                0x0000000000001080                PROVIDE (__infoa, 0x1080)
                0x0000000000000000                __IE1 = 0x0
                0x0000000000000002                __IFG1 = 0x2
                0x0000000000000004                __ME1 = 0x4
                0x0000000000000001                __IE2 = 0x1
                0x0000000000000003                __IFG2 = 0x3
                0x0000000000000005                __ME2 = 0x5
                0x0000000000000120                __WDTCTL = 0x120
                0x0000000000000130                __MPY = 0x130
                0x0000000000000132                __MPYS = 0x132
                0x0000000000000134                __MAC = 0x134
                0x0000000000000136                __MACS = 0x136
                0x0000000000000138                __OP2 = 0x138
                0x000000000000013a                __RESLO = 0x13a
                0x000000000000013c                __RESHI = 0x13c
                0x000000000000013e                __SUMEXT = 0x13e
                0x0000000000000020                __P1IN = 0x20
                0x0000000000000021                __P1OUT = 0x21
                0x0000000000000022                __P1DIR = 0x22
                0x0000000000000023                __P1IFG = 0x23
                0x0000000000000024                __P1IES = 0x24
                0x0000000000000025                __P1IE = 0x25
                0x0000000000000026                __P1SEL = 0x26
                0x0000000000000028                __P2IN = 0x28
                0x0000000000000029                __P2OUT = 0x29
                0x000000000000002a                __P2DIR = 0x2a
                0x000000000000002b                __P2IFG = 0x2b
                0x000000000000002c                __P2IES = 0x2c
                0x000000000000002d                __P2IE = 0x2d
                0x000000000000002e                __P2SEL = 0x2e
                0x0000000000000018                __P3IN = 0x18
                0x0000000000000019                __P3OUT = 0x19
                0x000000000000001a                __P3DIR = 0x1a
                0x000000000000001b                __P3SEL = 0x1b
                0x000000000000001c                __P4IN = 0x1c
                0x000000000000001d                __P4OUT = 0x1d
                0x000000000000001e                __P4DIR = 0x1e
                0x000000000000001f                __P4SEL = 0x1f
                0x0000000000000030                __P5IN = 0x30
                0x0000000000000031                __P5OUT = 0x31
                0x0000000000000032                __P5DIR = 0x32
                0x0000000000000033                __P5SEL = 0x33
                0x0000000000000034                __P6IN = 0x34
                0x0000000000000035                __P6OUT = 0x35
                0x0000000000000036                __P6DIR = 0x36
                0x0000000000000037                __P6SEL = 0x37
                0x0000000000000070                __U0CTL = 0x70
                0x0000000000000071                __U0TCTL = 0x71
                0x0000000000000072                __U0RCTL = 0x72
                0x0000000000000073                __U0MCTL = 0x73
                0x0000000000000074                __U0BR0 = 0x74
                0x0000000000000075                __U0BR1 = 0x75
                0x0000000000000076                __U0RXBUF = 0x76
                0x0000000000000077                __U0TXBUF = 0x77
                0x0000000000000078                __U1CTL = 0x78
                0x0000000000000079                __U1TCTL = 0x79
                0x000000000000007a                __U1RCTL = 0x7a
                0x000000000000007b                __U1MCTL = 0x7b
                0x000000000000007c                __U1BR0 = 0x7c
                0x000000000000007d                __U1BR1 = 0x7d
                0x000000000000007e                __U1RXBUF = 0x7e
                0x000000000000007f                __U1TXBUF = 0x7f
                0x0000000000000050                __I2CIE = 0x50
                0x0000000000000051                __I2CIFG = 0x51
                0x0000000000000052                __I2CNDAT = 0x52
                0x0000000000000071                __I2CTCTL = 0x71
                0x0000000000000072                __I2CDCTL = 0x72
                0x0000000000000073                __I2CPSC = 0x73
                0x0000000000000074                __I2CSCLH = 0x74
                0x0000000000000075                __I2CSCLL = 0x75
                0x0000000000000076                __I2CDRB = 0x76
                0x0000000000000076                __I2CDRW = 0x76
                0x0000000000000118                __I2COA = 0x118
                0x000000000000011a                __I2CSA = 0x11a
                0x000000000000011c                __I2CIV = 0x11c
                0x000000000000012e                __TAIV = 0x12e
                0x0000000000000160                __TACTL = 0x160
                0x0000000000000162                __TACCTL0 = 0x162
                0x0000000000000164                __TACCTL1 = 0x164
                0x0000000000000166                __TACCTL2 = 0x166
                0x0000000000000170                __TAR = 0x170
                0x0000000000000172                __TACCR0 = 0x172
                0x0000000000000174                __TACCR1 = 0x174
                0x0000000000000176                __TACCR2 = 0x176
                0x000000000000011e                __TBIV = 0x11e
                0x0000000000000180                __TBCTL = 0x180
                0x0000000000000182                __TBCCTL0 = 0x182
                0x0000000000000184                __TBCCTL1 = 0x184
                0x0000000000000186                __TBCCTL2 = 0x186
                0x0000000000000188                __TBCCTL3 = 0x188
                0x000000000000018a                __TBCCTL4 = 0x18a
                0x000000000000018c                __TBCCTL5 = 0x18c
                0x000000000000018e                __TBCCTL6 = 0x18e
                0x0000000000000190                __TBR = 0x190
                0x0000000000000192                __TBCCR0 = 0x192
                0x0000000000000194                __TBCCR1 = 0x194
                0x0000000000000196                __TBCCR2 = 0x196
                0x0000000000000198                __TBCCR3 = 0x198
                0x000000000000019a                __TBCCR4 = 0x19a
                0x000000000000019c                __TBCCR5 = 0x19c
                0x000000000000019e                __TBCCR6 = 0x19e
                0x0000000000000056                __DCOCTL = 0x56
                0x0000000000000057                __BCSCTL1 = 0x57
                0x0000000000000058                __BCSCTL2 = 0x58
                0x0000000000000055                __SVSCTL = 0x55
                0x0000000000000128                __FCTL1 = 0x128
                0x000000000000012a                __FCTL2 = 0x12a
                0x000000000000012c                __FCTL3 = 0x12c
                0x0000000000000059                __CACTL1 = 0x59
                0x000000000000005a                __CACTL2 = 0x5a
                0x000000000000005b                __CAPD = 0x5b
                0x00000000000001a0                __ADC12CTL0 = 0x1a0
                0x00000000000001a2                __ADC12CTL1 = 0x1a2
                0x00000000000001a4                __ADC12IFG = 0x1a4
                0x00000000000001a6                __ADC12IE = 0x1a6
                0x00000000000001a8                __ADC12IV = 0x1a8
                0x0000000000000140                __ADC12MEM0 = 0x140
                0x0000000000000142                __ADC12MEM1 = 0x142
                0x0000000000000144                __ADC12MEM2 = 0x144
                0x0000000000000146                __ADC12MEM3 = 0x146
                0x0000000000000148                __ADC12MEM4 = 0x148
                0x000000000000014a                __ADC12MEM5 = 0x14a
                0x000000000000014c                __ADC12MEM6 = 0x14c
                0x000000000000014e                __ADC12MEM7 = 0x14e
                0x0000000000000150                __ADC12MEM8 = 0x150
                0x0000000000000152                __ADC12MEM9 = 0x152
                0x0000000000000154                __ADC12MEM10 = 0x154
                0x0000000000000156                __ADC12MEM11 = 0x156
                0x0000000000000158                __ADC12MEM12 = 0x158
                0x000000000000015a                __ADC12MEM13 = 0x15a
                0x000000000000015c                __ADC12MEM14 = 0x15c
                0x000000000000015e                __ADC12MEM15 = 0x15e
                0x0000000000000080                __ADC12MCTL0 = 0x80
                0x0000000000000081                __ADC12MCTL1 = 0x81
                0x0000000000000082                __ADC12MCTL2 = 0x82
                0x0000000000000083                __ADC12MCTL3 = 0x83
                0x0000000000000084                __ADC12MCTL4 = 0x84
                0x0000000000000085                __ADC12MCTL5 = 0x85
                0x0000000000000086                __ADC12MCTL6 = 0x86
                0x0000000000000087                __ADC12MCTL7 = 0x87
                0x0000000000000088                __ADC12MCTL8 = 0x88
                0x0000000000000089                __ADC12MCTL9 = 0x89
                0x000000000000008a                __ADC12MCTL10 = 0x8a
                0x000000000000008b                __ADC12MCTL11 = 0x8b
                0x000000000000008c                __ADC12MCTL12 = 0x8c
                0x000000000000008d                __ADC12MCTL13 = 0x8d
                0x000000000000008e                __ADC12MCTL14 = 0x8e
                0x000000000000008f                __ADC12MCTL15 = 0x8f
                0x00000000000001c0                __DAC12_0CTL = 0x1c0
                0x00000000000001c2                __DAC12_1CTL = 0x1c2
                0x00000000000001c8                __DAC12_0DAT = 0x1c8
                0x00000000000001ca                __DAC12_1DAT = 0x1ca
                0x0000000000000122                __DMACTL0 = 0x122
                0x0000000000000124                __DMACTL1 = 0x124
                0x00000000000001e0                __DMA0CTL = 0x1e0
                0x00000000000001e8                __DMA1CTL = 0x1e8
                0x00000000000001f0                __DMA2CTL = 0x1f0
                0x00000000000001e2                __DMA0SA = 0x1e2
                0x00000000000001e4                __DMA0DA = 0x1e4
                0x00000000000001e6                __DMA0SZ = 0x1e6
                0x00000000000001ea                __DMA1SA = 0x1ea
                0x00000000000001ec                __DMA1DA = 0x1ec
                0x00000000000001ee                __DMA1SZ = 0x1ee
                0x00000000000001f2                __DMA2SA = 0x1f2
                0x00000000000001f4                __DMA2DA = 0x1f4
                0x00000000000001f6                __DMA2SZ = 0x1f6

.hash
 *(.hash)

.dynsym
 *(.dynsym)

.dynstr
 *(.dynstr)

.gnu.version
 *(.gnu.version)

.gnu.version_d
 *(.gnu.version_d)

.gnu.version_r
 *(.gnu.version_r)

.rel.init
 *(.rel.init)

.rela.init
 *(.rela.init)

.rel.fini
 *(.rel.fini)

.rela.fini
 *(.rela.fini)

.rel.text
 *(.rel.text .rel.text.* .rel.gnu.linkonce.t.*)

.rela.text
 *(.rela.text .rela.text.* .rela.gnu.linkonce.t.*)

.rel.rodata
 *(.rel.rodata .rel.rodata.* .rel.gnu.linkonce.r.*)

.rela.rodata
 *(.rela.rodata .rela.rodata.* .rela.gnu.linkonce.r.*)

.rel.data
 *(.rel.data .rel.data.* .rel.gnu.linkonce.d.*)

.rela.data
 *(.rela.data .rela.data.* .rela.gnu.linkonce.d.*)

.rel.bss
 *(.rel.bss .rel.bss.* .rel.gnu.linkonce.b.*)

.rela.bss
 *(.rela.bss .rela.bss.* .rela.gnu.linkonce.b.*)

.rel.ctors
 *(.rel.ctors)

.rela.ctors
 *(.rela.ctors)

.rel.dtors
 *(.rel.dtors)

.rela.dtors
 *(.rela.dtors)

.rel.got
 *(.rel.got)

.rela.got
 *(.rela.got)

.rel.plt
 *(.rel.plt)

.rela.plt
 *(.rela.plt)

.text           0x0000000000004000     0x6d3e
                0x0000000000004000                . = ALIGN (0x2)
 *(.init .init.*)
 *(.init0)
 .init0         0x0000000000004000        0x0 /usr/lib/gcc/msp430/4.6.3/mmpy-16/libcrt0.a(_reset_vector__.o)
                0x0000000000004000                _reset_vector__
 *(.init1)
 .init1         0x0000000000004000        0xc /usr/lib/gcc/msp430/4.6.3/mmpy-16/libcrt0.a(__watchdog_support.o)
                0x0000000000004000                __watchdog_support
 *(.init2)
 .init2         0x000000000000400c        0x4 /usr/lib/gcc/msp430/4.6.3/mmpy-16/libcrt0.a(__init_stack.o)
                0x000000000000400c                __init_stack
 *(.init3)
 .init3         0x0000000000004010        0x0 /usr/lib/gcc/msp430/4.6.3/mmpy-16/libcrt0.a(__low_level_init.o)
                0x0000000000004010                __low_level_init
 *(.init4)
 .init4         0x0000000000004010       0x18 /usr/lib/gcc/msp430/4.6.3/mmpy-16/libcrt0.a(_copy_data.o)
                0x0000000000004010                __do_copy_data
 .init4         0x0000000000004028       0x16 /usr/lib/gcc/msp430/4.6.3/mmpy-16/libcrt0.a(_clear_bss.o)
                0x0000000000004028                __do_clear_bss
 *(.init5)
 *(.init6)
 *(.init7)
 *(.init8)
 *(.init9)
 .init9         0x000000000000403e      0x302 obj_sky/contiki-sky-main.o
                0x000000000000403e                main
 *(.fini9)
 .fini9         0x0000000000004340        0x0 /usr/lib/gcc/msp430/4.6.3/mmpy-16/libcrt0.a(__stop_progExec__.o)
                0x0000000000004340                __stop_progExec__
 *(.fini8)
 *(.fini7)
 *(.fini6)
 *(.fini5)
 *(.fini4)
 *(.fini3)
 *(.fini2)
 *(.fini1)
 *(.fini0)
 .fini0         0x0000000000004340        0x6 /usr/lib/gcc/msp430/4.6.3/mmpy-16/libcrt0.a(_endless_loop__.o)
                0x0000000000004340                _endless_loop__
 *(.fini .fini.*)
                0x0000000000004346                . = ALIGN (0x2)
                0x0000000000004346                __ctors_start = .
 *(.ctors)
                0x0000000000004346                __ctors_end = .
                0x0000000000004346                __dtors_start = .
 *(.dtors)
                0x0000000000004346                __dtors_end = .
                0x0000000000004346                . = ALIGN (0x2)
 *(.text .text.* .gnu.linkonce.t.*)
 .text          0x0000000000004346        0x4 /usr/lib/gcc/msp430/4.6.3/mmpy-16/crt0ivtbl16.o
                0x0000000000004346                __isr_14
                0x0000000000004346                __isr_11
                0x0000000000004346                __isr_2
                0x0000000000004346                __isr_7
                0x0000000000004346                __isr_0
                0x0000000000004346                __isr_8
                0x0000000000004346                __isr_3
                0x0000000000004346                __isr_12
                0x0000000000004346                __isr_13
                0x0000000000004346                __isr_9
 .text.process_thread_energy_powertrace
                0x000000000000434a       0x20 example-libp.co
 .text.process_thread_gateway_monitoring_process
                0x000000000000436a       0x8a example-libp.co
 .text.process_thread_example_libp_process
                0x00000000000043f4      0x178 example-libp.co
 .text.recv     0x000000000000456c       0x44 example-libp.co
 .text.send_packet
                0x00000000000045b0       0x3a obj_sky/libp.o
 .text.send_ack
                0x00000000000045ea       0xb2 obj_sky/libp.o
 .text.send_queued_packet
                0x000000000000469c       0xde obj_sky/libp.o
 .text.send_next_packet
                0x000000000000477a       0x2c obj_sky/libp.o
 .text.update_rtmetric
                0x00000000000047a6       0xf8 obj_sky/libp.o
 .text.timedout
                0x000000000000489e       0x32 obj_sky/libp.o
 .text.received_announcement
                0x00000000000048d0       0x6e obj_sky/libp.o
 .text.retransmit_callback
                0x000000000000493e       0xcc obj_sky/libp.o
 .text.retransmit_not_sent_callback
                0x0000000000004a0a        0xc obj_sky/libp.o
 .text.node_packet_sent
                0x0000000000004a16       0x58 obj_sky/libp.o
 .text.add_packet_to_recent_packets.part.4
                0x0000000000004a6e       0x4c obj_sky/libp.o
 .text.node_packet_received
                0x0000000000004aba      0x2ec obj_sky/libp.o
 .text.proactive_probing_callback
                0x0000000000004da6      0x132 obj_sky/libp.o
 .text.libp_set_beacon_period
                0x0000000000004ed8       0x62 obj_sky/libp.o
                0x0000000000004ed8                libp_set_beacon_period
 .text.broadcast_recv
                0x0000000000004f3a       0x16 obj_sky/libp.o
 .text.send_beacon
                0x0000000000004f50       0x76 obj_sky/libp.o
 .text.libp_open
                0x0000000000004fc6      0x106 obj_sky/libp.o
                0x0000000000004fc6                libp_open
 .text.libp_send
                0x00000000000050cc       0xc4 obj_sky/libp.o
                0x00000000000050cc                libp_send
 .text.libp_set_sink
                0x0000000000005190       0x6c obj_sky/libp.o
                0x0000000000005190                libp_set_sink
 .text.libp_parent
                0x00000000000051fc        0x6 obj_sky/libp.o
                0x00000000000051fc                libp_parent
 .text.periodic
                0x0000000000005202       0x8e obj_sky/libp-neighbour.o
 .text.libp_neighbour_init
                0x0000000000005290       0x14 obj_sky/libp-neighbour.o
                0x0000000000005290                libp_neighbour_init
 .text.libp_neighbour_list
                0x00000000000052a4        0xe obj_sky/libp-neighbour.o
                0x00000000000052a4                libp_neighbour_list
 .text.libp_neighbour_list_new
                0x00000000000052b2       0x32 obj_sky/libp-neighbour.o
                0x00000000000052b2                libp_neighbour_list_new
 .text.libp_neighbour_list_add
                0x00000000000052e4       0xae obj_sky/libp-neighbour.o
                0x00000000000052e4                libp_neighbour_list_add
 .text.libp_neighbour_list_find
                0x0000000000005392       0x3a obj_sky/libp-neighbour.o
                0x0000000000005392                libp_neighbour_list_find
 .text.libp_neighbour_rtmetric_link_metric
                0x00000000000053cc       0x1c obj_sky/libp-neighbour.o
                0x00000000000053cc                libp_neighbour_rtmetric_link_metric
 .text.libp_neighbour_list_best
                0x00000000000053e8       0x4a obj_sky/libp-neighbour.o
                0x00000000000053e8                libp_neighbour_list_best
 .text.libp_neighbour_update_rtmetric
                0x0000000000005432        0xe obj_sky/libp-neighbour.o
                0x0000000000005432                libp_neighbour_update_rtmetric
 .text.libp_neighbour_tx
                0x0000000000005440       0x1e obj_sky/libp-neighbour.o
                0x0000000000005440                libp_neighbour_tx
 .text.libp_neighbour_tx_fail
                0x000000000000545e       0x1e obj_sky/libp-neighbour.o
                0x000000000000545e                libp_neighbour_tx_fail
 .text.libp_neighbour_set_congested
                0x000000000000547c       0x14 obj_sky/libp-neighbour.o
                0x000000000000547c                libp_neighbour_set_congested
 .text.libp_neighbour_rtmetric
                0x0000000000005490        0xe obj_sky/libp-neighbour.o
                0x0000000000005490                libp_neighbour_rtmetric
 .text.libp_link_metric_new
                0x000000000000549e       0x12 obj_sky/libp-link-metric.o
                0x000000000000549e                libp_link_metric_new
 .text.libp_link_metric_update_tx
                0x00000000000054b0       0xa6 obj_sky/libp-link-metric.o
                0x00000000000054b0                libp_link_metric_update_tx
 .text.libp_link_metric_update_tx_fail
                0x0000000000005556        0xc obj_sky/libp-link-metric.o
                0x0000000000005556                libp_link_metric_update_tx_fail
 .text.libp_link_metric
                0x0000000000005562       0x1a obj_sky/libp-link-metric.o
                0x0000000000005562                libp_link_metric
 .text.libp_link_metric_num_metrics
                0x000000000000557c        0xe obj_sky/libp-link-metric.o
                0x000000000000557c                libp_link_metric_num_metrics
 .text.init_visited
                0x000000000000558a       0x10 obj_sky/tree.o
                0x000000000000558a                init_visited
 .text.tree_init
                0x000000000000559a       0x3e obj_sky/tree.o
                0x000000000000559a                tree_init
 .text.rimeaddr_copy
                0x00000000000055d8        0xc contiki-sky.a(rimeaddr.o)
                0x00000000000055d8                rimeaddr_copy
 .text.rimeaddr_cmp
                0x00000000000055e4       0x12 contiki-sky.a(rimeaddr.o)
                0x00000000000055e4                rimeaddr_cmp
 .text.rimeaddr_set_node_addr
                0x00000000000055f6        0xc contiki-sky.a(rimeaddr.o)
                0x00000000000055f6                rimeaddr_set_node_addr
 .text.input    0x0000000000005602       0x3a contiki-sky.a(rime.o)
 .text.init     0x000000000000563c       0x2e contiki-sky.a(rime.o)
 .text.packet_sent
                0x000000000000566a       0x44 contiki-sky.a(rime.o)
 .text.rime_output
                0x00000000000056ae       0x24 contiki-sky.a(rime.o)
                0x00000000000056ae                rime_output
 .text.announcement_init
                0x00000000000056d2        0xa contiki-sky.a(announcement.o)
                0x00000000000056d2                announcement_init
 .text.announcement_register
                0x00000000000056dc       0x3e contiki-sky.a(announcement.o)
                0x00000000000056dc                announcement_register
 .text.announcement_set_value
                0x000000000000571a       0x28 contiki-sky.a(announcement.o)
                0x000000000000571a                announcement_set_value
 .text.announcement_bump
                0x0000000000005742       0x22 contiki-sky.a(announcement.o)
                0x0000000000005742                announcement_bump
 .text.announcement_register_observer_callback
                0x0000000000005764        0x6 contiki-sky.a(announcement.o)
                0x0000000000005764                announcement_register_observer_callback
 .text.announcement_list
                0x000000000000576a        0xa contiki-sky.a(announcement.o)
                0x000000000000576a                announcement_list
 .text.announcement_heard
                0x0000000000005774       0x42 contiki-sky.a(announcement.o)
                0x0000000000005774                announcement_heard
 .text.adv_packet_sent
                0x00000000000057b6        0x2 contiki-sky.a(broadcast-annou)
 .text.adv_packet_received
                0x00000000000057b8       0x66 contiki-sky.a(broadcast-annou)
 .text.set_timers
                0x000000000000581e       0x4a contiki-sky.a(broadcast-annou)
 .text.send_timer
                0x0000000000005868       0x36 contiki-sky.a(broadcast-annou)
 .text.new_announcement
                0x000000000000589e       0x18 contiki-sky.a(broadcast-annou)
 .text.send_adv
                0x00000000000058b6       0x66 contiki-sky.a(broadcast-annou)
 .text.broadcast_announcement_init
                0x000000000000591c       0x48 contiki-sky.a(broadcast-annou)
                0x000000000000591c                broadcast_announcement_init
 .text.sent_by_abc
                0x0000000000005964       0x10 contiki-sky.a(broadcast.o)
 .text.recv_from_abc
                0x0000000000005974       0x26 contiki-sky.a(broadcast.o)
 .text.broadcast_open
                0x000000000000599a       0x2a contiki-sky.a(broadcast.o)
                0x000000000000599a                broadcast_open
 .text.broadcast_send
                0x00000000000059c4       0x1a contiki-sky.a(broadcast.o)
                0x00000000000059c4                broadcast_send
 .text.sent_by_broadcast
                0x00000000000059de       0x10 contiki-sky.a(unicast.o)
 .text.recv_from_broadcast
                0x00000000000059ee       0x2e contiki-sky.a(unicast.o)
 .text.unicast_open
                0x0000000000005a1c       0x2a contiki-sky.a(unicast.o)
                0x0000000000005a1c                unicast_open
 .text.unicast_send
                0x0000000000005a46       0x16 contiki-sky.a(unicast.o)
                0x0000000000005a46                unicast_send
 .text.abc_open
                0x0000000000005a5c       0x26 contiki-sky.a(abc.o)
                0x0000000000005a5c                abc_open
 .text.abc_send
                0x0000000000005a82        0x6 contiki-sky.a(abc.o)
                0x0000000000005a82                abc_send
 .text.abc_input
                0x0000000000005a88        0xe contiki-sky.a(abc.o)
                0x0000000000005a88                abc_input
 .text.abc_sent
                0x0000000000005a96       0x10 contiki-sky.a(abc.o)
                0x0000000000005a96                abc_sent
 .text.chameleon_init
                0x0000000000005aa6        0x6 contiki-sky.a(chameleon.o)
                0x0000000000005aa6                chameleon_init
 .text.chameleon_parse
                0x0000000000005aac       0x10 contiki-sky.a(chameleon.o)
                0x0000000000005aac                chameleon_parse
 .text.chameleon_create
                0x0000000000005abc       0x1c contiki-sky.a(chameleon.o)
                0x0000000000005abc                chameleon_create
 .text.chameleon_hdrsize
                0x0000000000005ad8        0x6 contiki-sky.a(chameleon.o)
                0x0000000000005ad8                chameleon_hdrsize
 .text.channel_init
                0x0000000000005ade        0xa contiki-sky.a(channel.o)
                0x0000000000005ade                channel_init
 .text.channel_open
                0x0000000000005ae8       0x10 contiki-sky.a(channel.o)
                0x0000000000005ae8                channel_open
 .text.channel_lookup
                0x0000000000005af8       0x20 contiki-sky.a(channel.o)
                0x0000000000005af8                channel_lookup
 .text.channel_set_attributes
                0x0000000000005b18       0x24 contiki-sky.a(channel.o)
                0x0000000000005b18                channel_set_attributes
 .text.header_size
                0x0000000000005b3c       0x16 contiki-sky.a(chameleon-bitop)
 .text.get_bits_in_byte
                0x0000000000005b52       0x3a contiki-sky.a(chameleon-bitop)
                0x0000000000005b52                get_bits_in_byte
 .text.get_bits
                0x0000000000005b8c       0xa4 contiki-sky.a(chameleon-bitop)
                0x0000000000005b8c                get_bits
 .text.unpack_header
                0x0000000000005c30       0xd6 contiki-sky.a(chameleon-bitop)
 .text.set_bits_in_byte
                0x0000000000005d06       0x2c contiki-sky.a(chameleon-bitop)
                0x0000000000005d06                set_bits_in_byte
 .text.set_bits
                0x0000000000005d32       0xd2 contiki-sky.a(chameleon-bitop)
                0x0000000000005d32                set_bits
 .text.pack_header
                0x0000000000005e04       0xbc contiki-sky.a(chameleon-bitop)
 .text.input_packet
                0x0000000000005ec0        0x6 contiki-sky.a(csma.o)
 .text.on       0x0000000000005ec6        0x6 contiki-sky.a(csma.o)
 .text.off      0x0000000000005ecc        0x6 contiki-sky.a(csma.o)
 .text.channel_check_interval
                0x0000000000005ed2       0x10 contiki-sky.a(csma.o)
 .text.transmit_packet_list
                0x0000000000005ee2       0x24 contiki-sky.a(csma.o)
 .text.send_packet
                0x0000000000005f06      0x162 contiki-sky.a(csma.o)
 .text.init     0x0000000000006068       0x1a contiki-sky.a(csma.o)
 .text.free_packet
                0x0000000000006082       0x96 contiki-sky.a(csma.o)
 .text.packet_sent
                0x0000000000006118      0x12c contiki-sky.a(csma.o)
 .text.duty_cycle
                0x0000000000006244        0x4 contiki-sky.a(contikimac.o)
 .text.init     0x0000000000006248       0x2a contiki-sky.a(contikimac.o)
 .text.on       0x0000000000006272       0x1a contiki-sky.a(contikimac.o)
 .text.off      0x000000000000628c       0x22 contiki-sky.a(contikimac.o)
 .text.recv_burst_off
                0x00000000000062ae        0xa contiki-sky.a(contikimac.o)
 .text.turn_off
                0x00000000000062b8       0x20 contiki-sky.a(contikimac.o)
 .text.turn_on  0x00000000000062d8       0x30 contiki-sky.a(contikimac.o)
 .text.schedule_powercycle_fixed.part.4
                0x0000000000006308       0x36 contiki-sky.a(contikimac.o)
 .text.powercycle_turn_radio_off
                0x000000000000633e       0x30 contiki-sky.a(contikimac.o)
 .text.powercycle
                0x000000000000636e      0x1da contiki-sky.a(contikimac.o)
 .text.input_packet
                0x0000000000006548      0x128 contiki-sky.a(contikimac.o)
 .text.send_packet.isra.7
                0x0000000000006670      0x256 contiki-sky.a(contikimac.o)
 .text.qsend_packet
                0x00000000000068c6       0x28 contiki-sky.a(contikimac.o)
 .text.qsend_list
                0x00000000000068ee       0x7e contiki-sky.a(contikimac.o)
 .text.call_process
                0x000000000000696c       0x4a contiki-sky.a(process.o)
 .text.exit_process
                0x00000000000069b6       0x96 contiki-sky.a(process.o)
 .text.do_poll  0x0000000000006a4c       0x30 contiki-sky.a(process.o)
 .text.process_alloc_event
                0x0000000000006a7c        0xe contiki-sky.a(process.o)
                0x0000000000006a7c                process_alloc_event
 .text.process_init
                0x0000000000006a8a       0x1c contiki-sky.a(process.o)
                0x0000000000006a8a                process_init
 .text.process_run
                0x0000000000006aa6       0xa2 contiki-sky.a(process.o)
                0x0000000000006aa6                process_run
 .text.process_nevents
                0x0000000000006b48        0xe contiki-sky.a(process.o)
                0x0000000000006b48                process_nevents
 .text.process_post
                0x0000000000006b56       0x54 contiki-sky.a(process.o)
                0x0000000000006b56                process_post
 .text.process_post_synch
                0x0000000000006baa       0x12 contiki-sky.a(process.o)
                0x0000000000006baa                process_post_synch
 .text.process_start
                0x0000000000006bbc       0x32 contiki-sky.a(process.o)
                0x0000000000006bbc                process_start
 .text.process_poll
                0x0000000000006bee       0x18 contiki-sky.a(process.o)
                0x0000000000006bee                process_poll
 .text.autostart_start
                0x0000000000006c06       0x16 contiki-sky.a(autostart.o)
                0x0000000000006c06                autostart_start
 .text.compower_accumulate
                0x0000000000006c1c       0x72 contiki-sky.a(compower.o)
                0x0000000000006c1c                compower_accumulate
 .text.compower_clear
                0x0000000000006c8e       0x12 contiki-sky.a(compower.o)
                0x0000000000006c8e                compower_clear
 .text.compower_attrconv
                0x0000000000006ca0       0x10 contiki-sky.a(compower.o)
                0x0000000000006ca0                compower_attrconv
 .text.process_thread_serial_line_process
                0x0000000000006cb0       0x9c contiki-sky.a(serial-line.o)
 .text.serial_line_input_byte
                0x0000000000006d4c       0x4a contiki-sky.a(serial-line.o)
                0x0000000000006d4c                serial_line_input_byte
 .text.serial_line_init
                0x0000000000006d96       0x1c contiki-sky.a(serial-line.o)
                0x0000000000006d96                serial_line_init
 .text.memb_init
                0x0000000000006db2       0x36 contiki-sky.a(memb.o)
                0x0000000000006db2                memb_init
 .text.memb_alloc
                0x0000000000006de8       0x3e contiki-sky.a(memb.o)
                0x0000000000006de8                memb_alloc
 .text.memb_free
                0x0000000000006e26       0x3a contiki-sky.a(memb.o)
                0x0000000000006e26                memb_free
 .text.memb_inmemb
                0x0000000000006e60       0x2e contiki-sky.a(memb.o)
                0x0000000000006e60                memb_inmemb
 .text.timer_set
                0x0000000000006e8e       0x1c contiki-sky.a(timer.o)
                0x0000000000006e8e                timer_set
 .text.timer_reset
                0x0000000000006eaa        0xe contiki-sky.a(timer.o)
                0x0000000000006eaa                timer_reset
 .text.timer_expired
                0x0000000000006eb8       0x2a contiki-sky.a(timer.o)
                0x0000000000006eb8                timer_expired
 .text.list_init
                0x0000000000006ee2        0x6 contiki-sky.a(list.o)
                0x0000000000006ee2                list_init
 .text.list_head
                0x0000000000006ee8        0x4 contiki-sky.a(list.o)
                0x0000000000006ee8                list_head
 .text.list_tail
                0x0000000000006eec       0x12 contiki-sky.a(list.o)
                0x0000000000006eec                list_tail
 .text.list_remove
                0x0000000000006efe       0x34 contiki-sky.a(list.o)
                0x0000000000006efe                list_remove
 .text.list_push
                0x0000000000006f32       0x1a contiki-sky.a(list.o)
                0x0000000000006f32                list_push
 .text.list_add
                0x0000000000006f4c       0x2a contiki-sky.a(list.o)
                0x0000000000006f4c                list_add
 .text.list_length
                0x0000000000006f76       0x10 contiki-sky.a(list.o)
                0x0000000000006f76                list_length
 .text.list_item_next
                0x0000000000006f86        0xc contiki-sky.a(list.o)
                0x0000000000006f86                list_item_next
 .text.update_time
                0x0000000000006f92       0x78 contiki-sky.a(etimer.o)
 .text.etimer_request_poll
                0x000000000000700a        0xa contiki-sky.a(etimer.o)
                0x000000000000700a                etimer_request_poll
 .text.process_thread_etimer_process
                0x0000000000007014       0xc8 contiki-sky.a(etimer.o)
 .text.add_timer
                0x00000000000070dc       0x40 contiki-sky.a(etimer.o)
 .text.etimer_set
                0x000000000000711c       0x12 contiki-sky.a(etimer.o)
                0x000000000000711c                etimer_set
 .text.etimer_reset
                0x000000000000712e       0x12 contiki-sky.a(etimer.o)
                0x000000000000712e                etimer_reset
 .text.etimer_expired
                0x0000000000007140        0xe contiki-sky.a(etimer.o)
                0x0000000000007140                etimer_expired
 .text.etimer_pending
                0x000000000000714e        0xc contiki-sky.a(etimer.o)
                0x000000000000714e                etimer_pending
 .text.etimer_next_expiration_time
                0x000000000000715a       0x16 contiki-sky.a(etimer.o)
                0x000000000000715a                etimer_next_expiration_time
 .text.etimer_stop
                0x0000000000007170       0x3c contiki-sky.a(etimer.o)
                0x0000000000007170                etimer_stop
 .text.process_thread_ctimer_process
                0x00000000000071ac       0xa4 contiki-sky.a(ctimer.o)
 .text.ctimer_init
                0x0000000000007250       0x18 contiki-sky.a(ctimer.o)
                0x0000000000007250                ctimer_init
 .text.ctimer_set
                0x0000000000007268       0x5a contiki-sky.a(ctimer.o)
                0x0000000000007268                ctimer_set
 .text.ctimer_reset
                0x00000000000072c2       0x3a contiki-sky.a(ctimer.o)
                0x00000000000072c2                ctimer_reset
 .text.ctimer_stop
                0x00000000000072fc       0x28 contiki-sky.a(ctimer.o)
                0x00000000000072fc                ctimer_stop
 .text.energest_init
                0x0000000000007324       0x28 contiki-sky.a(energest.o)
                0x0000000000007324                energest_init
 .text.energest_type_time
                0x000000000000734c       0x46 contiki-sky.a(energest.o)
                0x000000000000734c                energest_type_time
 .text.energest_type_set
                0x0000000000007392        0xe contiki-sky.a(energest.o)
                0x0000000000007392                energest_type_set
 .text.energest_flush
                0x00000000000073a0       0x48 contiki-sky.a(energest.o)
                0x00000000000073a0                energest_flush
 .text.rtimer_init
                0x00000000000073e8        0x6 contiki-sky.a(rtimer.o)
                0x00000000000073e8                rtimer_init
 .text.rtimer_set
                0x00000000000073ee       0x24 contiki-sky.a(rtimer.o)
                0x00000000000073ee                rtimer_set
 .text.rtimer_run_next
                0x0000000000007412       0x26 contiki-sky.a(rtimer.o)
                0x0000000000007412                rtimer_run_next
 .text.random_init
                0x0000000000007438        0x6 contiki-sky.a(random.o)
                0x0000000000007438                random_init
 .text.random_rand
                0x000000000000743e        0x6 contiki-sky.a(random.o)
                0x000000000000743e                random_rand
 .text.ringbuf_init
                0x0000000000007444       0x14 contiki-sky.a(ringbuf.o)
                0x0000000000007444                ringbuf_init
 .text.ringbuf_put
                0x0000000000007458       0x38 contiki-sky.a(ringbuf.o)
                0x0000000000007458                ringbuf_put
 .text.ringbuf_get
                0x0000000000007490       0x32 contiki-sky.a(ringbuf.o)
                0x0000000000007490                ringbuf_get
 .text.packetbuf_copyto_hdr
                0x00000000000074c2       0x1c contiki-sky.a(packetbuf.o)
                0x00000000000074c2                packetbuf_copyto_hdr
 .text.packetbuf_copyto
                0x00000000000074de       0x52 contiki-sky.a(packetbuf.o)
                0x00000000000074de                packetbuf_copyto
 .text.packetbuf_hdr_remove
                0x0000000000007530        0x6 contiki-sky.a(packetbuf.o)
                0x0000000000007530                packetbuf_hdr_remove
 .text.packetbuf_hdrreduce
                0x0000000000007536       0x1a contiki-sky.a(packetbuf.o)
                0x0000000000007536                packetbuf_hdrreduce
 .text.packetbuf_set_datalen
                0x0000000000007550        0x6 contiki-sky.a(packetbuf.o)
                0x0000000000007550                packetbuf_set_datalen
 .text.packetbuf_dataptr
                0x0000000000007556        0xe contiki-sky.a(packetbuf.o)
                0x0000000000007556                packetbuf_dataptr
 .text.packetbuf_hdrptr
                0x0000000000007564        0xa contiki-sky.a(packetbuf.o)
                0x0000000000007564                packetbuf_hdrptr
 .text.packetbuf_is_reference
                0x000000000000756e        0xe contiki-sky.a(packetbuf.o)
                0x000000000000756e                packetbuf_is_reference
 .text.packetbuf_compact
                0x000000000000757c       0x48 contiki-sky.a(packetbuf.o)
                0x000000000000757c                packetbuf_compact
 .text.packetbuf_reference_ptr
                0x00000000000075c4        0x6 contiki-sky.a(packetbuf.o)
                0x00000000000075c4                packetbuf_reference_ptr
 .text.packetbuf_datalen
                0x00000000000075ca        0x6 contiki-sky.a(packetbuf.o)
                0x00000000000075ca                packetbuf_datalen
 .text.packetbuf_totlen
                0x00000000000075d0       0x10 contiki-sky.a(packetbuf.o)
                0x00000000000075d0                packetbuf_totlen
 .text.packetbuf_hdralloc
                0x00000000000075e0       0x2e contiki-sky.a(packetbuf.o)
                0x00000000000075e0                packetbuf_hdralloc
 .text.packetbuf_attr_clear
                0x000000000000760e       0x2c contiki-sky.a(packetbuf.o)
                0x000000000000760e                packetbuf_attr_clear
 .text.packetbuf_clear
                0x000000000000763a       0x1a contiki-sky.a(packetbuf.o)
                0x000000000000763a                packetbuf_clear
 .text.packetbuf_copyfrom
                0x0000000000007654       0x2e contiki-sky.a(packetbuf.o)
                0x0000000000007654                packetbuf_copyfrom
 .text.packetbuf_attr_copyto
                0x0000000000007682       0x20 contiki-sky.a(packetbuf.o)
                0x0000000000007682                packetbuf_attr_copyto
 .text.packetbuf_attr_copyfrom
                0x00000000000076a2       0x22 contiki-sky.a(packetbuf.o)
                0x00000000000076a2                packetbuf_attr_copyfrom
 .text.remove_queued_packet
                0x00000000000076c4       0x36 contiki-sky.a(packetqueue.o)
 .text.packetqueue_enqueue_packetbuf
                0x00000000000076fa       0x7a contiki-sky.a(packetqueue.o)
                0x00000000000076fa                packetqueue_enqueue_packetbuf
 .text.packetqueue_first
                0x0000000000007774        0xa contiki-sky.a(packetqueue.o)
                0x0000000000007774                packetqueue_first
 .text.packetqueue_dequeue
                0x000000000000777e       0x40 contiki-sky.a(packetqueue.o)
                0x000000000000777e                packetqueue_dequeue
 .text.packetqueue_len
                0x00000000000077be        0xa contiki-sky.a(packetqueue.o)
                0x00000000000077be                packetqueue_len
 .text.packetqueue_queuebuf
                0x00000000000077c8        0xe contiki-sky.a(packetqueue.o)
                0x00000000000077c8                packetqueue_queuebuf
 .text.queuebuf_init
                0x00000000000077d6       0x1a contiki-sky.a(queuebuf.o)
                0x00000000000077d6                queuebuf_init
 .text.queuebuf_new_from_packetbuf
                0x00000000000077f0       0x7e contiki-sky.a(queuebuf.o)
                0x00000000000077f0                queuebuf_new_from_packetbuf
 .text.queuebuf_update_attr_from_packetbuf
                0x000000000000786e       0x12 contiki-sky.a(queuebuf.o)
                0x000000000000786e                queuebuf_update_attr_from_packetbuf
 .text.queuebuf_free
                0x0000000000007880       0x40 contiki-sky.a(queuebuf.o)
                0x0000000000007880                queuebuf_free
 .text.queuebuf_to_packetbuf
                0x00000000000078c0       0x6e contiki-sky.a(queuebuf.o)
                0x00000000000078c0                queuebuf_to_packetbuf
 .text.queuebuf_attr
                0x000000000000792e        0xe contiki-sky.a(queuebuf.o)
                0x000000000000792e                queuebuf_attr
 .text.init_platform
                0x000000000000793c        0xc contiki-sky.a(contiki-sky-pla)
                0x000000000000793c                init_platform
 .text.status   0x0000000000007948       0x16 contiki-sky.a(button-sensor.o)
 .text.configure
                0x000000000000795e       0x52 contiki-sky.a(button-sensor.o)
 .text.value    0x00000000000079b0       0x22 contiki-sky.a(button-sensor.o)
 .text.irq_p2   0x00000000000079d2       0x8a contiki-sky.a(button-sensor.o)
                0x00000000000079d2                irq_p2
                0x00000000000079d2                __isr_1
 .text.owreadb  0x0000000000007a5c       0x52 contiki-sky.a(ds2411.o)
 .text.ds2411_init
                0x0000000000007aae      0x122 contiki-sky.a(ds2411.o)
                0x0000000000007aae                ds2411_init
 .text.wait_ready
                0x0000000000007bd0       0x50 contiki-sky.a(xmem.o)
 .text.xmem_init
                0x0000000000007c20       0x3e contiki-sky.a(xmem.o)
                0x0000000000007c20                xmem_init
 .text.xmem_pread
                0x0000000000007c5e       0xea contiki-sky.a(xmem.o)
                0x0000000000007c5e                xmem_pread
 .text.node_id_restore
                0x0000000000007d48       0x38 contiki-sky.a(node-id.o)
                0x0000000000007d48                node_id_restore
 .text.process_thread_sensors_process
                0x0000000000007d80       0xbe contiki-sky.a(sensors.o)
 .text.sensors_changed
                0x0000000000007e3e       0x2a contiki-sky.a(sensors.o)
                0x0000000000007e3e                sensors_changed
 .text.strobe   0x0000000000007e68       0x20 contiki-sky.a(cc2420.o)
 .text.status   0x0000000000007e88       0x26 contiki-sky.a(cc2420.o)
 .text.getreg   0x0000000000007eae       0x54 contiki-sky.a(cc2420.o)
 .text.setreg   0x0000000000007f02       0x52 contiki-sky.a(cc2420.o)
 .text.set_txpower
                0x0000000000007f54       0x26 contiki-sky.a(cc2420.o)
 .text.cc2420_receiving_packet
                0x0000000000007f7a        0xe contiki-sky.a(cc2420.o)
 .text.pending_packet
                0x0000000000007f88        0x8 contiki-sky.a(cc2420.o)
 .text.on       0x0000000000007f90       0x40 contiki-sky.a(cc2420.o)
 .text.flushrx  0x0000000000007fd0       0x7a contiki-sky.a(cc2420.o)
 .text.off      0x000000000000804a       0x72 contiki-sky.a(cc2420.o)
 .text.RELEASE_LOCK
                0x00000000000080bc       0x28 contiki-sky.a(cc2420.o)
 .text.cc2420_prepare
                0x00000000000080e4       0x8a contiki-sky.a(cc2420.o)
 .text.getrxdata
                0x000000000000816e       0x56 contiki-sky.a(cc2420.o)
 .text.cc2420_on
                0x00000000000081c4       0x22 contiki-sky.a(cc2420.o)
                0x00000000000081c4                cc2420_on
 .text.cc2420_off
                0x00000000000081e6       0x30 contiki-sky.a(cc2420.o)
                0x00000000000081e6                cc2420_off
 .text.cc2420_cca
                0x0000000000008216       0x74 contiki-sky.a(cc2420.o)
 .text.cc2420_read
                0x000000000000828a       0xe6 contiki-sky.a(cc2420.o)
 .text.process_thread_cc2420_process
                0x0000000000008370       0x50 contiki-sky.a(cc2420.o)
 .text.cc2420_set_channel
                0x00000000000083c0       0x78 contiki-sky.a(cc2420.o)
                0x00000000000083c0                cc2420_set_channel
 .text.cc2420_set_pan_addr
                0x0000000000008438      0x14a contiki-sky.a(cc2420.o)
                0x0000000000008438                cc2420_set_pan_addr
 .text.cc2420_init
                0x0000000000008582       0xd0 contiki-sky.a(cc2420.o)
                0x0000000000008582                cc2420_init
 .text.cc2420_interrupt
                0x0000000000008652       0x20 contiki-sky.a(cc2420.o)
                0x0000000000008652                cc2420_interrupt
 .text.cc2420_get_txpower
                0x0000000000008672       0x1e contiki-sky.a(cc2420.o)
                0x0000000000008672                cc2420_get_txpower
 .text.cc2420_transmit
                0x0000000000008690      0x1a0 contiki-sky.a(cc2420.o)
 .text.cc2420_send
                0x0000000000008830       0x12 contiki-sky.a(cc2420.o)
 .text.cc2420_port1_interrupt
                0x0000000000008842       0x62 contiki-sky.a(cc2420-arch.o)
                0x0000000000008842                __isr_4
                0x0000000000008842                cc2420_port1_interrupt
 .text.cc2420_arch_init
                0x00000000000088a4       0x1a contiki-sky.a(cc2420-arch.o)
                0x00000000000088a4                cc2420_arch_init
 .text.handle_rxdma_timer
                0x00000000000088be       0x3a contiki-sky.a(uart1.o)
 .text.uart1_active
                0x00000000000088f8       0x1a contiki-sky.a(uart1.o)
                0x00000000000088f8                uart1_active
 .text.uart1_set_input
                0x0000000000008912       0x20 contiki-sky.a(uart1.o)
                0x0000000000008912                uart1_set_input
 .text.uart1_writeb
                0x0000000000008932       0x1a contiki-sky.a(uart1.o)
                0x0000000000008932                uart1_writeb
 .text.uart1_init
                0x000000000000894c       0xf6 contiki-sky.a(uart1.o)
                0x000000000000894c                uart1_init
 .text.putchar  0x0000000000008a42       0x10 contiki-sky.a(uart1-putchar.o)
                0x0000000000008a42                putchar
 .text.msp430_init_dco
                0x0000000000008a52       0x84 contiki-sky.a(msp430.o)
                0x0000000000008a52                msp430_init_dco
 .text.msp430_add_lpm_req
                0x0000000000008ad6        0xc contiki-sky.a(msp430.o)
                0x0000000000008ad6                msp430_add_lpm_req
 .text.msp430_cpu_init
                0x0000000000008ae2       0x2a contiki-sky.a(msp430.o)
                0x0000000000008ae2                msp430_cpu_init
 .text.splhigh_
                0x0000000000008b0c        0x8 contiki-sky.a(msp430.o)
                0x0000000000008b0c                splhigh_
 .text.msp430_sync_dco
                0x0000000000008b14       0x68 contiki-sky.a(msp430.o)
                0x0000000000008b14                msp430_sync_dco
 .text.timera1  0x0000000000008b7c       0xfe contiki-sky.a(clock.o)
                0x0000000000008b7c                __isr_5
                0x0000000000008b7c                timera1
 .text.clock_time
                0x0000000000008c7a       0x1a contiki-sky.a(clock.o)
                0x0000000000008c7a                clock_time
 .text.clock_init
                0x0000000000008c94       0x28 contiki-sky.a(clock.o)
                0x0000000000008c94                clock_init
 .text.clock_delay
                0x0000000000008cbc        0xc contiki-sky.a(clock.o)
                0x0000000000008cbc                clock_delay
 .text.show_leds
                0x0000000000008cc8      0x100 contiki-sky.a(leds.o)
 .text.leds_init
                0x0000000000008dc8        0xe contiki-sky.a(leds.o)
                0x0000000000008dc8                leds_init
 .text.leds_on  0x0000000000008dd6       0x14 contiki-sky.a(leds.o)
                0x0000000000008dd6                leds_on
 .text.leds_off
                0x0000000000008dea       0x14 contiki-sky.a(leds.o)
                0x0000000000008dea                leds_off
 .text.leds_arch_init
                0x0000000000008dfe        0xe contiki-sky.a(leds-arch.o)
                0x0000000000008dfe                leds_arch_init
 .text.leds_arch_set
                0x0000000000008e0c       0x3a contiki-sky.a(leds-arch.o)
                0x0000000000008e0c                leds_arch_set
 .text.watchdog_interrupt
                0x0000000000008e46        0x6 contiki-sky.a(watchdog.o)
                0x0000000000008e46                __isr_10
                0x0000000000008e46                watchdog_interrupt
 .text.watchdog_start
                0x0000000000008e4c       0x14 contiki-sky.a(watchdog.o)
                0x0000000000008e4c                watchdog_start
 .text.watchdog_periodic
                0x0000000000008e60       0x12 contiki-sky.a(watchdog.o)
                0x0000000000008e60                watchdog_periodic
 .text.watchdog_stop
                0x0000000000008e72       0x16 contiki-sky.a(watchdog.o)
                0x0000000000008e72                watchdog_stop
 .text.watchdog_init
                0x0000000000008e88       0x14 contiki-sky.a(watchdog.o)
                0x0000000000008e88                watchdog_init
 .text.rtimer_arch_init
                0x0000000000008e9c        0xe contiki-sky.a(rtimer-arch.o)
                0x0000000000008e9c                rtimer_arch_init
 .text.rtimer_arch_now
                0x0000000000008eaa        0xe contiki-sky.a(rtimer-arch.o)
                0x0000000000008eaa                rtimer_arch_now
 .text.timera0  0x0000000000008eb8       0x70 contiki-sky.a(rtimer-arch.o)
                0x0000000000008eb8                __isr_6
                0x0000000000008eb8                timera0
 .text.rtimer_arch_schedule
                0x0000000000008f28        0x6 contiki-sky.a(rtimer-arch.o)
                0x0000000000008f28                rtimer_arch_schedule
 .text.sniffprint
                0x0000000000008f2e       0x72 contiki-sky.a(powertrace.o)
 .text.output_printsniffer
                0x0000000000008fa0       0x16 contiki-sky.a(powertrace.o)
 .text.add_stats
                0x0000000000008fb6       0x54 contiki-sky.a(powertrace.o)
 .text.add_packet_stats
                0x000000000000900a       0x5e contiki-sky.a(powertrace.o)
 .text.output_sniffer
                0x0000000000009068        0x8 contiki-sky.a(powertrace.o)
 .text.input_sniffer
                0x0000000000009070        0x8 contiki-sky.a(powertrace.o)
 .text.input_printsniffer
                0x0000000000009078       0x70 contiki-sky.a(powertrace.o)
 .text.powertrace_print
                0x00000000000090e8      0x820 contiki-sky.a(powertrace.o)
                0x00000000000090e8                powertrace_print
 .text.process_thread_powertrace_process
                0x0000000000009908       0x5c contiki-sky.a(powertrace.o)
 .text.powertrace_start
                0x0000000000009964       0x18 contiki-sky.a(powertrace.o)
                0x0000000000009964                powertrace_start
 .text.mac_call_sent_callback
                0x000000000000997c       0x14 contiki-sky.a(mac.o)
                0x000000000000997c                mac_call_sent_callback
 .text.parse    0x0000000000009990       0xaa contiki-sky.a(framer-802154.o)
 .text.create   0x0000000000009a3a      0x10a contiki-sky.a(framer-802154.o)
 .text.spi_init
                0x0000000000009b44       0x32 contiki-sky.a(spi.o)
                0x0000000000009b44                spi_init
 .text.field_len
                0x0000000000009b76       0x98 contiki-sky.a(frame802154.o)
 .text.frame802154_hdrlen
                0x0000000000009c0e       0x2e contiki-sky.a(frame802154.o)
                0x0000000000009c0e                frame802154_hdrlen
 .text.frame802154_create
                0x0000000000009c3c      0x172 contiki-sky.a(frame802154.o)
                0x0000000000009c3c                frame802154_create
 .text.frame802154_parse
                0x0000000000009dae      0x1e8 contiki-sky.a(frame802154.o)
                0x0000000000009dae                frame802154_parse
 .text.libgcc   0x0000000000009f96       0x2c /usr/lib/gcc/msp430/4.6.3/mmpy-16/libgcc.a(_mulsi3.o)
                0x0000000000009f96                __mulsi3
 .text.libgcc   0x0000000000009fc2       0x22 /usr/lib/gcc/msp430/4.6.3/mmpy-16/libgcc.a(_udivmod16.o)
                0x0000000000009fc2                __udivhi3
                0x0000000000009fc2                __ext_udivmod16
                0x0000000000009fdc                __umodhi3
 .text.libgcc   0x0000000000009fe4       0x40 /usr/lib/gcc/msp430/4.6.3/mmpy-16/libgcc.a(_udivmod32.o)
                0x0000000000009fe4                __udivsi3
                0x0000000000009fe4                __ext_udivmod32
                0x000000000000a01a                __umodsi3
 .text          0x000000000000a024       0x20 /usr/lib/gcc/msp430/4.6.3/../../../../msp430/lib/mmpy-16/libc.a(memcmp.o)
                0x000000000000a024                memcmp
 .text          0x000000000000a044       0xfa /usr/lib/gcc/msp430/4.6.3/../../../../msp430/lib/mmpy-16/libc.a(memcpy.o)
                0x000000000000a044                memcpy
 .text          0x000000000000a13e       0x6a /usr/lib/gcc/msp430/4.6.3/../../../../msp430/lib/mmpy-16/libc.a(memset.o)
                0x000000000000a13e                memset
 .text          0x000000000000a1a8      0x114 /usr/lib/gcc/msp430/4.6.3/../../../../msp430/lib/mmpy-16/libc.a(malloc.o)
                0x000000000000a1a8                malloc
                0x000000000000a2b4                free
 .text          0x000000000000a2bc       0x1e /usr/lib/gcc/msp430/4.6.3/../../../../msp430/lib/mmpy-16/libc.a(printf.o)
                0x000000000000a2bc                printf
                0x000000000000a2cc                vprintf
 .text          0x000000000000a2da       0xbc /usr/lib/gcc/msp430/4.6.3/../../../../msp430/lib/mmpy-16/libc.a(sprintf.o)
                0x000000000000a338                sprintf
                0x000000000000a354                snprintf
                0x000000000000a36e                vsprintf
                0x000000000000a384                vsnprintf
 .text          0x000000000000a396      0x836 /usr/lib/gcc/msp430/4.6.3/../../../../msp430/lib/mmpy-16/libc.a(vuprintf.o)
                0x000000000000a52e                vuprintf
 .text          0x000000000000abcc       0x2c /usr/lib/gcc/msp430/4.6.3/../../../../msp430/lib/mmpy-16/libc.a(puts.o)
                0x000000000000abcc                puts
 .text          0x000000000000abf8       0x54 /usr/lib/gcc/msp430/4.6.3/../../../../msp430/lib/mmpy-16/libc.a(rand.o)
                0x000000000000abf8                rand_r
                0x000000000000ac1c                rand
                0x000000000000ac42                srand
 .text.libgcc   0x000000000000ac4c       0xf0 /usr/lib/gcc/msp430/4.6.3/mmpy-16/libgcc.a(_udivmod64.o)
                0x000000000000ac4c                __xabi_udivmod64
                0x000000000000acaa                __udivdi3
                0x000000000000acd0                __umoddi3
                0x000000000000acfe                __udivmoddi4
 .text.crt0     0x000000000000ad3c        0x2 /usr/lib/gcc/msp430/4.6.3/mmpy-16/libcrt0.a(_unexpected_.o)
                0x000000000000ad3c                _unexpected_
                0x000000000000ad3e                . = ALIGN (0x2)

.rodata         0x000000000000ad3e      0x3f2
                0x000000000000ad3e                . = ALIGN (0x2)
 *(.rodata .rodata.* .gnu.linkonce.r.*)
 .rodata        0x000000000000ad3e       0xca example-libp.co
                0x000000000000adc0                autostart_processes
 .rodata        0x000000000000ae08       0x34 obj_sky/libp.o
 .rodata        0x000000000000ae3c       0xd4 obj_sky/contiki-sky-main.o
 .rodata        0x000000000000af10        0x2 contiki-sky.a(rimeaddr.o)
                0x000000000000af10                rimeaddr_null
 .rodata        0x000000000000af12        0xc contiki-sky.a(rime.o)
                0x000000000000af18                rime_driver
 .rodata        0x000000000000af1e        0x4 contiki-sky.a(broadcast-annou)
 .rodata        0x000000000000af22        0x8 contiki-sky.a(broadcast.o)
 .rodata        0x000000000000af2a        0xa contiki-sky.a(unicast.o)
 .rodata        0x000000000000af34        0x2 contiki-sky.a(abc.o)
 .rodata        0x000000000000af36       0x10 contiki-sky.a(chameleon-bitop)
                0x000000000000af36                chameleon_bitopt
 .rodata        0x000000000000af46       0x14 contiki-sky.a(csma.o)
                0x000000000000af4c                csma_driver
 .rodata        0x000000000000af5a       0x1c contiki-sky.a(contikimac.o)
                0x000000000000af66                contikimac_driver
 .rodata        0x000000000000af76        0xe contiki-sky.a(serial-line.o)
 .rodata        0x000000000000af84        0xc contiki-sky.a(etimer.o)
 .rodata        0x000000000000af90        0xf contiki-sky.a(ctimer.o)
 *fill*         0x000000000000af9f        0x1 00
 .rodata        0x000000000000afa0       0x10 contiki-sky.a(button-sensor.o)
                0x000000000000afa8                button_sensor
 .rodata        0x000000000000afb0        0x8 contiki-sky.a(sensors.o)
 .rodata        0x000000000000afb8       0x22 contiki-sky.a(cc2420.o)
                0x000000000000afb8                cc2420_driver
 .rodata        0x000000000000afda      0x148 contiki-sky.a(powertrace.o)
 .rodata        0x000000000000b122        0x4 contiki-sky.a(framer-802154.o)
                0x000000000000b122                framer_802154
 .rodata        0x000000000000b126        0x2 contiki-sky.a(frame802154.o)
 .rodata        0x000000000000b128        0x7 /usr/lib/gcc/msp430/4.6.3/../../../../msp430/lib/mmpy-16/libc.a(vuprintf.o)
                0x000000000000b130                . = ALIGN (0x2)
 *fill*         0x000000000000b12f        0x1 00
                0x000000000000b130                _etext = .

.data           0x0000000000001100       0xb8 load address 0x000000000000b130
                0x0000000000001100                . = ALIGN (0x2)
                0x0000000000001100                PROVIDE (__data_start, .)
 *(.data .data.* .gnu.linkonce.d.*)
 .data          0x0000000000001100       0x1e example-libp.co
                0x0000000000001100                energy_powertrace
                0x000000000000110a                gateway_monitoring_process
                0x0000000000001114                example_libp_process
 .data          0x000000000000111e        0x8 obj_sky/libp.o
 .data          0x0000000000001126        0x8 obj_sky/libp-neighbour.o
 .data          0x000000000000112e       0x18 contiki-sky.a(csma.o)
 .data          0x0000000000001146        0xa contiki-sky.a(serial-line.o)
                0x0000000000001146                serial_line_process
 .data          0x0000000000001150        0xa contiki-sky.a(etimer.o)
                0x0000000000001150                etimer_process
 .data          0x000000000000115a        0xa contiki-sky.a(ctimer.o)
                0x000000000000115a                ctimer_process
 .data          0x0000000000001164       0x18 contiki-sky.a(queuebuf.o)
 .data          0x000000000000117c        0x4 contiki-sky.a(contiki-sky-pla)
                0x000000000000117c                sensors
 .data          0x0000000000001180        0xa contiki-sky.a(sensors.o)
                0x0000000000001180                sensors_process
 .data          0x000000000000118a        0xa contiki-sky.a(cc2420.o)
                0x000000000000118a                cc2420_process
 .data          0x0000000000001194        0x2 contiki-sky.a(msp430.o)
 .data          0x0000000000001196       0x1e contiki-sky.a(powertrace.o)
                0x0000000000001196                powertrace_process
 .data          0x00000000000011b4        0x4 /usr/lib/gcc/msp430/4.6.3/../../../../msp430/lib/mmpy-16/libc.a(rand.o)
                0x00000000000011b8                . = ALIGN (0x2)
                0x00000000000011b8                _edata = .
                0x000000000000b130                PROVIDE (__data_load_start, LOADADDR (.data))
                0x00000000000000b8                PROVIDE (__data_size, SIZEOF (.data))

.bss            0x00000000000011b8     0x1cd4 load address 0x000000000000b1e8
                0x00000000000011b8                PROVIDE (__bss_start, .)
 *(.bss .bss.*)
 .bss           0x00000000000011b8       0xe0 example-libp.co
 .bss           0x0000000000001298      0x1c0 obj_sky/libp.o
 .bss           0x0000000000001458      0x10a obj_sky/libp-neighbour.o
 .bss           0x0000000000001562        0xc obj_sky/contiki-sky-main.o
 .bss           0x000000000000156e        0x2 contiki-sky.a(rime.o)
 .bss           0x0000000000001570        0x6 contiki-sky.a(announcement.o)
 .bss           0x0000000000001576       0x46 contiki-sky.a(broadcast-annou)
 .bss           0x00000000000015bc        0x2 contiki-sky.a(channel.o)
 .bss           0x00000000000015be      0x126 contiki-sky.a(csma.o)
 .bss           0x00000000000016e4       0x74 contiki-sky.a(contikimac.o)
 .bss           0x0000000000001758       0x42 contiki-sky.a(process.o)
                0x0000000000001758                process_current
                0x000000000000175a                process_list
 .bss           0x000000000000179a        0x8 contiki-sky.a(compower.o)
 .bss           0x00000000000017a2      0x10a contiki-sky.a(serial-line.o)
 .bss           0x00000000000018ac        0x6 contiki-sky.a(etimer.o)
 .bss           0x00000000000018b2        0x4 contiki-sky.a(ctimer.o)
 .bss           0x00000000000018b6        0x2 contiki-sky.a(rtimer.o)
 .bss           0x00000000000018b8       0xba contiki-sky.a(packetbuf.o)
 .bss           0x0000000000001972      0xc4e contiki-sky.a(queuebuf.o)
 .bss           0x00000000000025c0        0x8 contiki-sky.a(button-sensor.o)
 .bss           0x00000000000025c8        0x2 contiki-sky.a(node-id.o)
                0x00000000000025c8                node_id
 .bss           0x00000000000025ca        0x6 contiki-sky.a(sensors.o)
 .bss           0x00000000000025d0        0xa contiki-sky.a(cc2420.o)
 .bss           0x00000000000025da       0x9a contiki-sky.a(uart1.o)
 .bss           0x0000000000002674        0xa contiki-sky.a(clock.o)
 .bss           0x000000000000267e        0x2 contiki-sky.a(leds.o)
 .bss           0x0000000000002680        0x2 contiki-sky.a(watchdog.o)
 .bss           0x0000000000002682      0x2fe contiki-sky.a(powertrace.o)
 .bss           0x0000000000002980        0x2 contiki-sky.a(framer-802154.o)
 .bss           0x0000000000002982        0x1 /usr/lib/gcc/msp430/4.6.3/../../../../msp430/lib/mmpy-16/libc.a(malloc.o)
 *fill*         0x0000000000002983        0x1 00
 .bss           0x0000000000002984        0x4 /usr/lib/gcc/msp430/4.6.3/../../../../msp430/lib/mmpy-16/libc.a(sprintf.o)
 *(COMMON)
 COMMON         0x0000000000002988      0x40a example-libp.co
                0x0000000000002988                visited
                0x0000000000002a88                calculated
                0x0000000000002b88                tail
                0x0000000000002b8a                head
                0x0000000000002b8c                bfs_count
                0x0000000000002b8e                advertised
                0x0000000000002c8e                root
                0x0000000000002c90                nodes
                0x0000000000002d90                elements
 COMMON         0x0000000000002d92       0x3c obj_sky/libp.o
                0x0000000000002d92                stats
 COMMON         0x0000000000002dce        0x2 contiki-sky.a(rimeaddr.o)
                0x0000000000002dce                rimeaddr_node_addr
 COMMON         0x0000000000002dd0        0x1 contiki-sky.a(process.o)
                0x0000000000002dd0                process_maxevents
 *fill*         0x0000000000002dd1        0x1 00
 COMMON         0x0000000000002dd2        0x8 contiki-sky.a(compower.o)
                0x0000000000002dd2                compower_idle_activity
 COMMON         0x0000000000002dda        0x1 contiki-sky.a(serial-line.o)
                0x0000000000002dda                serial_line_event_message
 *fill*         0x0000000000002ddb        0x1 00
 COMMON         0x0000000000002ddc       0x56 contiki-sky.a(energest.o)
                0x0000000000002ddc                energest_total_time
                0x0000000000002e0c                energest_total_count
                0x0000000000002e0e                energest_current_mode
                0x0000000000002e1a                energest_current_time
 COMMON         0x0000000000002e32       0x38 contiki-sky.a(packetbuf.o)
                0x0000000000002e32                packetbuf_addrs
                0x0000000000002e3a                packetbuf_attrs
 COMMON         0x0000000000002e6a        0x2 contiki-sky.a(contiki-sky-pla)
                0x0000000000002e6a                sensors_flags
 COMMON         0x0000000000002e6c        0x8 contiki-sky.a(ds2411.o)
                0x0000000000002e6c                ds2411_id
 COMMON         0x0000000000002e74        0x1 contiki-sky.a(sensors.o)
                0x0000000000002e74                sensors_event
 *fill*         0x0000000000002e75        0x1 00
 COMMON         0x0000000000002e76       0x14 contiki-sky.a(cc2420.o)
                0x0000000000002e76                cc2420_last_rssi
                0x0000000000002e78                cc2420_packets_read
                0x0000000000002e7a                cc2420_packets_seen
                0x0000000000002e7c                cc2420_sfd_start_time
                0x0000000000002e7e                cc2420_time_of_departure
                0x0000000000002e80                cc2420_time_of_arrival
                0x0000000000002e82                cc2420_last_correlation
                0x0000000000002e84                cc2420_authority_level_of_sender
                0x0000000000002e86                cc2420_sfd_counter
                0x0000000000002e88                cc2420_sfd_end_time
 COMMON         0x0000000000002e8a        0x2 contiki-sky.a(msp430.o)
                0x0000000000002e8a                msp430_dco_required
                0x0000000000002e8c                . = ALIGN (0x2)
                0x0000000000002e8c                PROVIDE (__bss_end, .)
                0x0000000000001cd4                PROVIDE (__bss_size, SIZEOF (.bss))

.noinit         0x0000000000002e8c        0x2 load address 0x000000000000b1e8
                0x0000000000002e8c                PROVIDE (__noinit_start, .)
 *(.noinit .noinit.*)
 .noinit.crt0   0x0000000000002e8c        0x2 /usr/lib/gcc/msp430/4.6.3/mmpy-16/libcrt0.a(__watchdog_support.o)
                0x0000000000002e8c                __wdt_clear_value
                0x0000000000002e8e                . = ALIGN (0x2)
                0x0000000000002e8e                PROVIDE (__noinit_end, .)
                0x0000000000002e8e                . = ALIGN (0x2)
                0x0000000000002e8e                _end = .

.infomem        0x0000000000001000        0x0
 *(.infomem)
                0x0000000000001000                . = ALIGN (0x2)
 *(.infomem.*)

.infomemnobits  0x0000000000001000        0x0
 *(.infomemnobits)
                0x0000000000001000                . = ALIGN (0x2)
 *(.infomemnobits.*)

.infoa
 *(.infoa .infoa.*)

.infob
 *(.infob .infob.*)

.infoc
 *(.infoc .infoc.*)

.infod
 *(.infod .infod.*)

.vectors        0x000000000000ffe0       0x20
                0x000000000000ffe0                PROVIDE (__vectors_start, .)
 *(.vectors*)
 .vectors       0x000000000000ffe0       0x20 /usr/lib/gcc/msp430/4.6.3/mmpy-16/crt0ivtbl16.o
                0x000000000000ffe0                __ivtbl_16
                0x0000000000010000                _vectors_end = .

.fartext        0x0000000000000000        0x0
                0x0000000000000000                . = ALIGN (0x2)
 *(.fartext)
                0x0000000000000000                . = ALIGN (0x2)
 *(.fartext.*)
                0x0000000000000000                _efartext = .

.profiler
 *(.profiler)

.stab
 *(.stab)

.stabstr
 *(.stabstr)

.stab.excl
 *(.stab.excl)

.stab.exclstr
 *(.stab.exclstr)

.stab.index
 *(.stab.index)

.stab.indexstr
 *(.stab.indexstr)

.comment
 *(.comment)

.debug
 *(.debug)

.line
 *(.line)

.debug_srcinfo
 *(.debug_srcinfo)

.debug_sfnames
 *(.debug_sfnames)

.debug_aranges  0x0000000000000000      0x190
 *(.debug_aranges)
 .debug_aranges
                0x0000000000000000       0x14 /usr/lib/gcc/msp430/4.6.3/mmpy-16/libgcc.a(_mulsi3.o)
 .debug_aranges
                0x0000000000000014       0x14 /usr/lib/gcc/msp430/4.6.3/mmpy-16/libgcc.a(_udivmod16.o)
 .debug_aranges
                0x0000000000000028       0x14 /usr/lib/gcc/msp430/4.6.3/mmpy-16/libgcc.a(_udivmod32.o)
 .debug_aranges
                0x000000000000003c       0x14 /usr/lib/gcc/msp430/4.6.3/../../../../msp430/lib/mmpy-16/libc.a(strncmp.o)
 .debug_aranges
                0x0000000000000050       0x14 /usr/lib/gcc/msp430/4.6.3/../../../../msp430/lib/mmpy-16/libc.a(memcmp.o)
 .debug_aranges
                0x0000000000000064       0x14 /usr/lib/gcc/msp430/4.6.3/../../../../msp430/lib/mmpy-16/libc.a(memcpy.o)
 .debug_aranges
                0x0000000000000078       0x14 /usr/lib/gcc/msp430/4.6.3/../../../../msp430/lib/mmpy-16/libc.a(memset.o)
 .debug_aranges
                0x000000000000008c       0x14 /usr/lib/gcc/msp430/4.6.3/../../../../msp430/lib/mmpy-16/libc.a(malloc.o)
 .debug_aranges
                0x00000000000000a0       0x14 /usr/lib/gcc/msp430/4.6.3/../../../../msp430/lib/mmpy-16/libc.a(printf.o)
 .debug_aranges
                0x00000000000000b4       0x14 /usr/lib/gcc/msp430/4.6.3/../../../../msp430/lib/mmpy-16/libc.a(sprintf.o)
 .debug_aranges
                0x00000000000000c8       0x14 /usr/lib/gcc/msp430/4.6.3/../../../../msp430/lib/mmpy-16/libc.a(vuprintf.o)
 .debug_aranges
                0x00000000000000dc       0x14 /usr/lib/gcc/msp430/4.6.3/../../../../msp430/lib/mmpy-16/libc.a(puts.o)
 .debug_aranges
                0x00000000000000f0       0x14 /usr/lib/gcc/msp430/4.6.3/../../../../msp430/lib/mmpy-16/libc.a(rand.o)
 .debug_aranges
                0x0000000000000104       0x14 /usr/lib/gcc/msp430/4.6.3/mmpy-16/libgcc.a(_udivmod64.o)
 .debug_aranges
                0x0000000000000118       0x14 /usr/lib/gcc/msp430/4.6.3/mmpy-16/libcrt0.a(__watchdog_support.o)
 .debug_aranges
                0x000000000000012c       0x14 /usr/lib/gcc/msp430/4.6.3/mmpy-16/libcrt0.a(__init_stack.o)
 .debug_aranges
                0x0000000000000140       0x14 /usr/lib/gcc/msp430/4.6.3/mmpy-16/libcrt0.a(_copy_data.o)
 .debug_aranges
                0x0000000000000154       0x14 /usr/lib/gcc/msp430/4.6.3/mmpy-16/libcrt0.a(_clear_bss.o)
 .debug_aranges
                0x0000000000000168       0x14 /usr/lib/gcc/msp430/4.6.3/mmpy-16/libcrt0.a(_endless_loop__.o)
 .debug_aranges
                0x000000000000017c       0x14 /usr/lib/gcc/msp430/4.6.3/mmpy-16/libcrt0.a(_unexpected_.o)

.debug_pubnames
 *(.debug_pubnames)

.debug_info     0x0000000000000000     0x1763
 *(.debug_info)
 .debug_info    0x0000000000000000       0xd6 /usr/lib/gcc/msp430/4.6.3/mmpy-16/libgcc.a(_mulsi3.o)
 .debug_info    0x00000000000000d6       0xd6 /usr/lib/gcc/msp430/4.6.3/mmpy-16/libgcc.a(_udivmod16.o)
 .debug_info    0x00000000000001ac       0xd6 /usr/lib/gcc/msp430/4.6.3/mmpy-16/libgcc.a(_udivmod32.o)
 .debug_info    0x0000000000000282       0xbb /usr/lib/gcc/msp430/4.6.3/../../../../msp430/lib/mmpy-16/libc.a(strncmp.o)
 .debug_info    0x000000000000033d       0xe8 /usr/lib/gcc/msp430/4.6.3/../../../../msp430/lib/mmpy-16/libc.a(memcmp.o)
 .debug_info    0x0000000000000425      0x113 /usr/lib/gcc/msp430/4.6.3/../../../../msp430/lib/mmpy-16/libc.a(memcpy.o)
 .debug_info    0x0000000000000538       0xfe /usr/lib/gcc/msp430/4.6.3/../../../../msp430/lib/mmpy-16/libc.a(memset.o)
 .debug_info    0x0000000000000636      0x151 /usr/lib/gcc/msp430/4.6.3/../../../../msp430/lib/mmpy-16/libc.a(malloc.o)
 .debug_info    0x0000000000000787      0x105 /usr/lib/gcc/msp430/4.6.3/../../../../msp430/lib/mmpy-16/libc.a(printf.o)
 .debug_info    0x000000000000088c      0x277 /usr/lib/gcc/msp430/4.6.3/../../../../msp430/lib/mmpy-16/libc.a(sprintf.o)
 .debug_info    0x0000000000000b03      0x565 /usr/lib/gcc/msp430/4.6.3/../../../../msp430/lib/mmpy-16/libc.a(vuprintf.o)
 .debug_info    0x0000000000001068       0x96 /usr/lib/gcc/msp430/4.6.3/../../../../msp430/lib/mmpy-16/libc.a(puts.o)
 .debug_info    0x00000000000010fe      0x13f /usr/lib/gcc/msp430/4.6.3/../../../../msp430/lib/mmpy-16/libc.a(rand.o)
 .debug_info    0x000000000000123d       0xd6 /usr/lib/gcc/msp430/4.6.3/mmpy-16/libgcc.a(_udivmod64.o)
 .debug_info    0x0000000000001313       0xb8 /usr/lib/gcc/msp430/4.6.3/mmpy-16/libcrt0.a(__watchdog_support.o)
 .debug_info    0x00000000000013cb       0xb8 /usr/lib/gcc/msp430/4.6.3/mmpy-16/libcrt0.a(__init_stack.o)
 .debug_info    0x0000000000001483       0xb8 /usr/lib/gcc/msp430/4.6.3/mmpy-16/libcrt0.a(_copy_data.o)
 .debug_info    0x000000000000153b       0xb8 /usr/lib/gcc/msp430/4.6.3/mmpy-16/libcrt0.a(_clear_bss.o)
 .debug_info    0x00000000000015f3       0xb8 /usr/lib/gcc/msp430/4.6.3/mmpy-16/libcrt0.a(_endless_loop__.o)
 .debug_info    0x00000000000016ab       0xb8 /usr/lib/gcc/msp430/4.6.3/mmpy-16/libcrt0.a(_unexpected_.o)
 *(.gnu.linkonce.wi.*)

.debug_abbrev   0x0000000000000000      0x91e
 *(.debug_abbrev)
 .debug_abbrev  0x0000000000000000       0x14 /usr/lib/gcc/msp430/4.6.3/mmpy-16/libgcc.a(_mulsi3.o)
 .debug_abbrev  0x0000000000000014       0x14 /usr/lib/gcc/msp430/4.6.3/mmpy-16/libgcc.a(_udivmod16.o)
 .debug_abbrev  0x0000000000000028       0x14 /usr/lib/gcc/msp430/4.6.3/mmpy-16/libgcc.a(_udivmod32.o)
 .debug_abbrev  0x000000000000003c       0x7c /usr/lib/gcc/msp430/4.6.3/../../../../msp430/lib/mmpy-16/libc.a(strncmp.o)
 .debug_abbrev  0x00000000000000b8       0x9b /usr/lib/gcc/msp430/4.6.3/../../../../msp430/lib/mmpy-16/libc.a(memcmp.o)
 .debug_abbrev  0x0000000000000153       0x97 /usr/lib/gcc/msp430/4.6.3/../../../../msp430/lib/mmpy-16/libc.a(memcpy.o)
 .debug_abbrev  0x00000000000001ea       0x9c /usr/lib/gcc/msp430/4.6.3/../../../../msp430/lib/mmpy-16/libc.a(memset.o)
 .debug_abbrev  0x0000000000000286       0xf8 /usr/lib/gcc/msp430/4.6.3/../../../../msp430/lib/mmpy-16/libc.a(malloc.o)
 .debug_abbrev  0x000000000000037e       0xd0 /usr/lib/gcc/msp430/4.6.3/../../../../msp430/lib/mmpy-16/libc.a(printf.o)
 .debug_abbrev  0x000000000000044e      0x105 /usr/lib/gcc/msp430/4.6.3/../../../../msp430/lib/mmpy-16/libc.a(sprintf.o)
 .debug_abbrev  0x0000000000000553      0x1ef /usr/lib/gcc/msp430/4.6.3/../../../../msp430/lib/mmpy-16/libc.a(vuprintf.o)
 .debug_abbrev  0x0000000000000742       0x60 /usr/lib/gcc/msp430/4.6.3/../../../../msp430/lib/mmpy-16/libc.a(puts.o)
 .debug_abbrev  0x00000000000007a2       0xf0 /usr/lib/gcc/msp430/4.6.3/../../../../msp430/lib/mmpy-16/libc.a(rand.o)
 .debug_abbrev  0x0000000000000892       0x14 /usr/lib/gcc/msp430/4.6.3/mmpy-16/libgcc.a(_udivmod64.o)
 .debug_abbrev  0x00000000000008a6       0x14 /usr/lib/gcc/msp430/4.6.3/mmpy-16/libcrt0.a(__watchdog_support.o)
 .debug_abbrev  0x00000000000008ba       0x14 /usr/lib/gcc/msp430/4.6.3/mmpy-16/libcrt0.a(__init_stack.o)
 .debug_abbrev  0x00000000000008ce       0x14 /usr/lib/gcc/msp430/4.6.3/mmpy-16/libcrt0.a(_copy_data.o)
 .debug_abbrev  0x00000000000008e2       0x14 /usr/lib/gcc/msp430/4.6.3/mmpy-16/libcrt0.a(_clear_bss.o)
 .debug_abbrev  0x00000000000008f6       0x14 /usr/lib/gcc/msp430/4.6.3/mmpy-16/libcrt0.a(_endless_loop__.o)
 .debug_abbrev  0x000000000000090a       0x14 /usr/lib/gcc/msp430/4.6.3/mmpy-16/libcrt0.a(_unexpected_.o)

.debug_line     0x0000000000000000      0xdc9
 *(.debug_line)
 .debug_line    0x0000000000000000       0xa3 /usr/lib/gcc/msp430/4.6.3/mmpy-16/libgcc.a(_mulsi3.o)
 .debug_line    0x00000000000000a3       0x9c /usr/lib/gcc/msp430/4.6.3/mmpy-16/libgcc.a(_udivmod16.o)
 .debug_line    0x000000000000013f       0xab /usr/lib/gcc/msp430/4.6.3/mmpy-16/libgcc.a(_udivmod32.o)
 .debug_line    0x00000000000001ea       0x75 /usr/lib/gcc/msp430/4.6.3/../../../../msp430/lib/mmpy-16/libc.a(strncmp.o)
 .debug_line    0x000000000000025f       0x73 /usr/lib/gcc/msp430/4.6.3/../../../../msp430/lib/mmpy-16/libc.a(memcmp.o)
 .debug_line    0x00000000000002d2       0xe9 /usr/lib/gcc/msp430/4.6.3/../../../../msp430/lib/mmpy-16/libc.a(memcpy.o)
 .debug_line    0x00000000000003bb       0xc8 /usr/lib/gcc/msp430/4.6.3/../../../../msp430/lib/mmpy-16/libc.a(memset.o)
 .debug_line    0x0000000000000483       0xbe /usr/lib/gcc/msp430/4.6.3/../../../../msp430/lib/mmpy-16/libc.a(malloc.o)
 .debug_line    0x0000000000000541       0x72 /usr/lib/gcc/msp430/4.6.3/../../../../msp430/lib/mmpy-16/libc.a(printf.o)
 .debug_line    0x00000000000005b3       0x9c /usr/lib/gcc/msp430/4.6.3/../../../../msp430/lib/mmpy-16/libc.a(sprintf.o)
 .debug_line    0x000000000000064f      0x2d2 /usr/lib/gcc/msp430/4.6.3/../../../../msp430/lib/mmpy-16/libc.a(vuprintf.o)
 .debug_line    0x0000000000000921       0x4d /usr/lib/gcc/msp430/4.6.3/../../../../msp430/lib/mmpy-16/libc.a(puts.o)
 .debug_line    0x000000000000096e       0x4f /usr/lib/gcc/msp430/4.6.3/../../../../msp430/lib/mmpy-16/libc.a(rand.o)
 .debug_line    0x00000000000009bd       0xf1 /usr/lib/gcc/msp430/4.6.3/mmpy-16/libgcc.a(_udivmod64.o)
 .debug_line    0x0000000000000aae       0x84 /usr/lib/gcc/msp430/4.6.3/mmpy-16/libcrt0.a(__watchdog_support.o)
 .debug_line    0x0000000000000b32       0x82 /usr/lib/gcc/msp430/4.6.3/mmpy-16/libcrt0.a(__init_stack.o)
 .debug_line    0x0000000000000bb4       0x88 /usr/lib/gcc/msp430/4.6.3/mmpy-16/libcrt0.a(_copy_data.o)
 .debug_line    0x0000000000000c3c       0x88 /usr/lib/gcc/msp430/4.6.3/mmpy-16/libcrt0.a(_clear_bss.o)
 .debug_line    0x0000000000000cc4       0x83 /usr/lib/gcc/msp430/4.6.3/mmpy-16/libcrt0.a(_endless_loop__.o)
 .debug_line    0x0000000000000d47       0x82 /usr/lib/gcc/msp430/4.6.3/mmpy-16/libcrt0.a(_unexpected_.o)

.debug_frame    0x0000000000000000      0x2a6
 *(.debug_frame)
 .debug_frame   0x0000000000000000       0x24 /usr/lib/gcc/msp430/4.6.3/../../../../msp430/lib/mmpy-16/libc.a(strncmp.o)
 .debug_frame   0x0000000000000024       0x24 /usr/lib/gcc/msp430/4.6.3/../../../../msp430/lib/mmpy-16/libc.a(memcmp.o)
 .debug_frame   0x0000000000000048       0x38 /usr/lib/gcc/msp430/4.6.3/../../../../msp430/lib/mmpy-16/libc.a(memcpy.o)
 .debug_frame   0x0000000000000080       0x32 /usr/lib/gcc/msp430/4.6.3/../../../../msp430/lib/mmpy-16/libc.a(memset.o)
 .debug_frame   0x00000000000000b2       0x52 /usr/lib/gcc/msp430/4.6.3/../../../../msp430/lib/mmpy-16/libc.a(malloc.o)
 .debug_frame   0x0000000000000104       0x2a /usr/lib/gcc/msp430/4.6.3/../../../../msp430/lib/mmpy-16/libc.a(printf.o)
 .debug_frame   0x000000000000012e       0x68 /usr/lib/gcc/msp430/4.6.3/../../../../msp430/lib/mmpy-16/libc.a(sprintf.o)
 .debug_frame   0x0000000000000196       0xb0 /usr/lib/gcc/msp430/4.6.3/../../../../msp430/lib/mmpy-16/libc.a(vuprintf.o)
 .debug_frame   0x0000000000000246       0x24 /usr/lib/gcc/msp430/4.6.3/../../../../msp430/lib/mmpy-16/libc.a(puts.o)
 .debug_frame   0x000000000000026a       0x3c /usr/lib/gcc/msp430/4.6.3/../../../../msp430/lib/mmpy-16/libc.a(rand.o)

.debug_str      0x0000000000000000      0x489
 *(.debug_str)
 .debug_str     0x0000000000000000       0xc4 /usr/lib/gcc/msp430/4.6.3/../../../../msp430/lib/mmpy-16/libc.a(strncmp.o)
                                         0xfd (size before relaxing)
 .debug_str     0x00000000000000c4       0x19 /usr/lib/gcc/msp430/4.6.3/../../../../msp430/lib/mmpy-16/libc.a(memcmp.o)
                                         0xfb (size before relaxing)
 .debug_str     0x00000000000000dd       0x34 /usr/lib/gcc/msp430/4.6.3/../../../../msp430/lib/mmpy-16/libc.a(memcpy.o)
                                        0x116 (size before relaxing)
 .debug_str     0x0000000000000111       0x26 /usr/lib/gcc/msp430/4.6.3/../../../../msp430/lib/mmpy-16/libc.a(memset.o)
                                        0x114 (size before relaxing)
 .debug_str     0x0000000000000137       0x5b /usr/lib/gcc/msp430/4.6.3/../../../../msp430/lib/mmpy-16/libc.a(malloc.o)
                                        0x142 (size before relaxing)
 .debug_str     0x0000000000000192       0x40 /usr/lib/gcc/msp430/4.6.3/../../../../msp430/lib/mmpy-16/libc.a(printf.o)
                                        0x12a (size before relaxing)
 .debug_str     0x00000000000001d2       0x69 /usr/lib/gcc/msp430/4.6.3/../../../../msp430/lib/mmpy-16/libc.a(sprintf.o)
                                        0x18f (size before relaxing)
 .debug_str     0x000000000000023b      0x20f /usr/lib/gcc/msp430/4.6.3/../../../../msp430/lib/mmpy-16/libc.a(vuprintf.o)
                                        0x375 (size before relaxing)
 .debug_str     0x000000000000044a       0x15 /usr/lib/gcc/msp430/4.6.3/../../../../msp430/lib/mmpy-16/libc.a(puts.o)
                                         0xf0 (size before relaxing)
 .debug_str     0x000000000000045f       0x2a /usr/lib/gcc/msp430/4.6.3/../../../../msp430/lib/mmpy-16/libc.a(rand.o)
                                        0x10f (size before relaxing)

.debug_loc      0x0000000000000000      0xd0c
 *(.debug_loc)
 .debug_loc     0x0000000000000000       0x38 /usr/lib/gcc/msp430/4.6.3/../../../../msp430/lib/mmpy-16/libc.a(strncmp.o)
 .debug_loc     0x0000000000000038       0x5e /usr/lib/gcc/msp430/4.6.3/../../../../msp430/lib/mmpy-16/libc.a(memcmp.o)
 .debug_loc     0x0000000000000096      0x1f0 /usr/lib/gcc/msp430/4.6.3/../../../../msp430/lib/mmpy-16/libc.a(memcpy.o)
 .debug_loc     0x0000000000000286       0xdb /usr/lib/gcc/msp430/4.6.3/../../../../msp430/lib/mmpy-16/libc.a(memset.o)
 .debug_loc     0x0000000000000361      0x12e /usr/lib/gcc/msp430/4.6.3/../../../../msp430/lib/mmpy-16/libc.a(malloc.o)
 .debug_loc     0x000000000000048f       0x38 /usr/lib/gcc/msp430/4.6.3/../../../../msp430/lib/mmpy-16/libc.a(printf.o)
 .debug_loc     0x00000000000004c7       0xeb /usr/lib/gcc/msp430/4.6.3/../../../../msp430/lib/mmpy-16/libc.a(sprintf.o)
 .debug_loc     0x00000000000005b2      0x705 /usr/lib/gcc/msp430/4.6.3/../../../../msp430/lib/mmpy-16/libc.a(vuprintf.o)
 .debug_loc     0x0000000000000cb7       0x26 /usr/lib/gcc/msp430/4.6.3/../../../../msp430/lib/mmpy-16/libc.a(puts.o)
 .debug_loc     0x0000000000000cdd       0x2f /usr/lib/gcc/msp430/4.6.3/../../../../msp430/lib/mmpy-16/libc.a(rand.o)

.debug_macinfo
 *(.debug_macinfo)

.debug_pubtypes
 *(.debug_pubtypes)

.debug_ranges   0x0000000000000000       0x18
 *(.debug_ranges)
 .debug_ranges  0x0000000000000000       0x18 /usr/lib/gcc/msp430/4.6.3/../../../../msp430/lib/mmpy-16/libc.a(vuprintf.o)
                0x0000000000003900                PROVIDE (__stack, (ORIGIN (ram) + 0x2800))
                0x000000000000b130                PROVIDE (__data_start_rom, _etext)
                0x000000000000b1e8                PROVIDE (__data_end_rom, (_etext + SIZEOF (.data)))
OUTPUT(example-libp.sky elf32-msp430)
